\BOOKMARK [0][-]{chapter.1}{Deep Convolutional Encoder Networks for Multiple Sclerosis Lesion Segmentation}{}% 1
